// Jest Snapshot v1, https://goo.gl/fbAQLP

exports[`<SearchResults /> render success 1`] = `ShallowWrapper {}`;
