// Jest Snapshot v1, https://goo.gl/fbAQLP

exports[`<Header /> render success 1`] = `ShallowWrapper {}`;
