// Jest Snapshot v1, https://goo.gl/fbAQLP

exports[`<Logo /> render success 1`] = `ShallowWrapper {}`;
