// Jest Snapshot v1, https://goo.gl/fbAQLP

exports[`<BreadCrumbs /> render success 1`] = `ShallowWrapper {}`;
