// Jest Snapshot v1, https://goo.gl/fbAQLP

exports[`<PDP /> render success 1`] = `ShallowWrapper {}`;
