// Jest Snapshot v1, https://goo.gl/fbAQLP

exports[`<App /> render success 1`] = `ShallowWrapper {}`;
