// Jest Snapshot v1, https://goo.gl/fbAQLP

exports[`<ResultItem /> render success 1`] = `ShallowWrapper {}`;
