// Jest Snapshot v1, https://goo.gl/fbAQLP

exports[`<SearchBox /> render success 1`] = `ShallowWrapper {}`;
